=== step 1: SIFT1M download + verify ===
fetching...
sha256: 92f1270c5e3a0cb46b89983e72b0511e4df065c31a9fa0276d8c9b1fca5bc81a
verified.
total 563288
drwxr-xr-x 2 ubuntu ubuntu       107 Dec 16  2009 .
drwxrwxr-x 3 ubuntu ubuntu        37 May 10 21:50 ..
-rw-r--r-- 1 ubuntu ubuntu 516000000 Dec 15  2009 sift_base.fvecs
-rw-r--r-- 1 ubuntu ubuntu   4040000 Dec 15  2009 sift_groundtruth.ivecs
-rw-r--r-- 1 ubuntu ubuntu  51600000 Dec 15  2009 sift_learn.fvecs
-rw-r--r-- 1 ubuntu ubuntu   5160000 Dec 15  2009 sift_query.fvecs

=== step 2: build bench binary ===
   Compiling candle-transformers v0.10.2
warning: `galaxdb-storage` (lib) generated 1 warning
   Compiling galaxdb-sidecar v0.1.0 (/mnt/nvme/galaxdb/crates/galaxdb-sidecar)
   Compiling galaxdb-benchmarks v0.1.0 (/mnt/nvme/galaxdb/benchmarks)
    Finished `release` profile [optimized] target(s) in 1m 29s

=== step 3: run SIFT1M recall + ef sweep ===
[sift-bench] loading base vectors from /mnt/nvme/datasets/sift/sift/sift_base.fvecs

real	1m29.490s
user	7m53.091s
sys	0m25.629s
[sift-bench] loading query vectors from /mnt/nvme/datasets/sift/sift/sift_query.fvecs
[sift-bench] loading ground truth from /mnt/nvme/datasets/sift/sift/sift_groundtruth.ivecs
[sift-bench] base=1000000 dim=128 queries=10000 ground-truth=100
[sift-bench] building HNSW (M=16, ef_construction=200) over 1000000 vectors
[sift-bench] build complete: 66163 ms (15114 vec/sec)
[sift-bench] ef=  10: recall@10=0.7621  mean_latency=57.6µs  p99=101µs
[sift-bench] ef=  50: recall@10=0.9586  mean_latency=158.1µs  p99=228µs
[sift-bench] ef= 100: recall@10=0.9831  mean_latency=266.5µs  p99=364µs
[sift-bench] ef= 200: recall@10=0.9902  mean_latency=459.4µs  p99=616µs
[sift-bench] wrote /mnt/nvme/galaxdb/sift_bench.json
{
  "schema_version": 1,
  "commit_sha": "8567691d4f7859742c1e6cb54ba8c429ae36d297",
  "timestamp_utc": "2026-05-10T21:51:55Z",
  "instance": {
    "type": "c6id.4xlarge"
  },
  "cpu": {
    "model": "Intel(R) Xeon(R) Platinum 8375C CPU @ 2.90GHz",
    "cores": 16,
    "arch": "x86_64"
  },
  "ram_gb": 30,
  "dataset": {
    "name": "SIFT1M",
    "size": 1000000,
    "dim": 128,
    "sha256": "92f1270c5e3a0cb46b89983e72b0511e4df065c31a9fa0276d8c9b1fca5bc81a",
    "source_url": "ftp://ftp.irisa.fr/local/texmex/corpus/sift.tar.gz"
  },
  "hnsw_config": {
    "m": 16,
    "ef_construction": 200
  },
  "build": {
    "build_time_ms": 66163,
    "build_rate_vec_per_sec": 15113.959664171472
  },
  "search": {
    "k": 10,
    "num_queries_evaluated": 10000,
    "ef_search_sweep": [
      {
        "ef": 10,
        "recall_at_k": 0.762059999999986,
        "mean_latency_us": 57.5528,
        "p99_latency_us": 101
      },
      {
        "ef": 50,
        "recall_at_k": 0.9586099999999673,
        "mean_latency_us": 158.0856,
        "p99_latency_us": 228
      },
      {
        "ef": 100,
        "recall_at_k": 0.9830999999999772,
        "mean_latency_us": 266.4626,
        "p99_latency_us": 364
      },
      {
        "ef": 200,
        "recall_at_k": 0.9901899999999844,
        "mean_latency_us": 459.4348,
        "p99_latency_us": 616
      }
    ]
  }
}
