[preflight] commit:   8567691d4f7859742c1e6cb54ba8c429ae36d297
[preflight] instance: i-0b2dec9226f62db65 (c6id.4xlarge) in us-east-1
[preflight] user:     ubuntu
[preflight] remote:   /mnt/nvme/galaxdb
[preflight] results:  bench-results/20260510T130506Z
[1/8] starting i-0b2dec9226f62db65
[2/8] resolving public IP
[3/8] waiting for SSH
  sshd ready after 2 attempt(s)
[4/8] mounting NVMe and syncing workspace
meta-data=/dev/nvme1n1           isize=512    agcount=4, agsize=57983399 blks
         =                       sectsz=512   attr=2, projid32bit=1
         =                       crc=1        finobt=1, sparse=1, rmapbt=1
         =                       reflink=1    bigtime=1 inobtcount=1 nrext64=0
data     =                       bsize=4096   blocks=231933593, imaxpct=25
         =                       sunit=0      swidth=0 blks
naming   =version 2              bsize=4096   ascii-ci=0, ftype=1
log      =internal log           bsize=4096   blocks=113248, version=2
         =                       sectsz=512   sunit=0 blks, lazy-count=1
realtime =none                   extsz=4096   blocks=0, rtextents=0
Discarding blocks...Done.
[5/8] downloading SIFT1M (with SHA256 verification)
  fetching ftp://ftp.irisa.fr/local/texmex/corpus/sift.tar.gz
  actual sha256: 92f1270c5e3a0cb46b89983e72b0511e4df065c31a9fa0276d8c9b1fca5bc81a
  expected sha256: 92f1270c5e3a0cb46b89983e72b0511e4df065c31a9fa0276d8c9b1fca5bc81a
  SIFT1M verified and extracted to /mnt/nvme/datasets/sift/sift
[6/8] release build + workspace tests on the instance
    Updating crates.io index
 Downloading crates ...
  Downloaded arc-swap v1.9.1
  Downloaded alloc-stdlib v0.2.2
  Downloaded arrow-arith v57.3.0
  Downloaded approx v0.5.1
  Downloaded datafusion-functions-window-common v52.5.0
  Downloaded arrow-cast v57.3.0
  Downloaded datafusion-macros v52.5.0
  Downloaded datafusion-functions-table v52.5.0
  Downloaded aws-smithy-async v1.2.14
  Downloaded datafusion-functions-window v52.5.0
  Downloaded datafusion-functions-aggregate-common v52.5.0
  Downloaded bitpacking v0.9.3
  Downloaded constant_time_eq v0.4.2
  Downloaded census v0.4.2
  Downloaded datafusion-functions-nested v52.5.0
  Downloaded crossbeam-queue v0.3.12
  Downloaded datafusion-functions-aggregate v52.5.0
  Downloaded cpufeatures v0.3.0
  Downloaded block-buffer v0.12.0
  Downloaded lz4 v1.28.1
  Downloaded lance-bitpacking v4.0.1
  Downloaded lance-datafusion v4.0.1
  Downloaded levenshtein_automata v0.2.1
  Downloaded http-body v0.4.6
  Downloaded datafusion-datasource-csv v52.5.0
  Downloaded aws-runtime v1.7.3
  Downloaded fixedbitset v0.5.7
  Downloaded lance-io v4.0.1
  Downloaded md-5 v0.10.6
  Downloaded datafusion-doc v52.5.0
  Downloaded parking v2.2.1
  Downloaded pbkdf2 v0.12.2
  Downloaded num-iter v0.1.45
  Downloaded datafusion-datasource-json v52.5.0
  Downloaded downcast-rs v2.0.2
  Downloaded pem v3.0.6
  Downloaded ordered-multimap v0.7.3
  Downloaded lru v0.12.5
  Downloaded path_abs v0.5.1
  Downloaded oneshot v0.1.13
  Downloaded float_next_after v1.0.0
  Downloaded phf_shared v0.12.1
  Downloaded pin-utils v0.1.0
  Downloaded rustc-hash v2.1.2
  Downloaded prost-derive v0.14.3
  Downloaded rawpointer v0.2.1
  Downloaded rustc_version v0.4.1
  Downloaded prost-build v0.14.3
  Downloaded rust-ini v0.21.3
  Downloaded spki v0.7.3
  Downloaded siphasher v1.0.3
  Downloaded simdutf8 v0.1.5
  Downloaded signature v2.2.0
  Downloaded tagptr v0.2.0
  Downloaded tantivy-bitpacker v0.8.0
  Downloaded radium v0.7.0
  Downloaded wyz v0.5.1
  Downloaded toml_datetime v1.1.1+spec-1.1.0
  Downloaded time-core v0.1.8
  Downloaded utf8-ranges v1.0.5
  Downloaded urlencoding v2.1.3
  Downloaded tantivy-query-grammar v0.24.0
  Downloaded xmlparser v0.13.6
  Downloaded uuid v1.23.1
  Downloaded sqlparser_derive v0.3.0
  Downloaded object_store v0.12.5
  Downloaded toml_edit v0.25.11+spec-1.1.0
  Downloaded pkcs8 v0.10.2
  Downloaded pin-project-internal v1.1.12
  Downloaded quinn-proto v0.11.14
  Downloaded event-listener v5.4.1
  Downloaded winnow v1.0.2
  Downloaded time v0.3.47
  Downloaded wkt v0.14.0
  Downloaded lz4-sys v1.11.1+lz4-1.10.0
  Downloaded iana-time-zone v0.1.65
  Downloaded datafusion-physical-expr-adapter v52.5.0
  Downloaded sqlparser v0.59.0
  Downloaded hmac v0.13.0
  Downloaded robust v1.2.0
  Downloaded i_shape v1.14.0
  Downloaded fsst v4.0.1
  Downloaded datafusion-functions v52.5.0
  Downloaded spade v2.15.1
  Downloaded time-macros v0.2.27
  Downloaded lance-linalg v4.0.1
  Downloaded lexical-write-integer v1.0.6
  Downloaded tiny-keccak v2.0.2
  Downloaded quinn-udp v0.5.14
  Downloaded datafusion-physical-expr-common v52.5.0
  Downloaded jsonwebtoken v9.3.1
  Downloaded hmac v0.12.1
  Downloaded hyperloglogplus v0.4.1
  Downloaded chrono-tz v0.10.4
  Downloaded geodatafusion v0.3.0
  Downloaded toml_parser v1.1.2+spec-1.1.0
  Downloaded htmlescape v0.3.1
  Downloaded opendal v0.55.0
  Downloaded ethnum v1.5.3
  Downloaded csv v1.4.0
  Downloaded pkcs5 v0.7.1
  Downloaded lance-arrow v4.0.1
  Downloaded heapless v0.8.0
  Downloaded rstar v0.12.2
  Downloaded brotli v8.0.2
  Downloaded lance-namespace-reqwest-client v0.6.1
  Downloaded tinyvec v1.11.0
  Downloaded jiff-static v0.2.24
  Downloaded datafusion-pruning v52.5.0
  Downloaded tantivy-common v0.9.0
  Downloaded lexical-util v1.0.7
  Downloaded prometheus v0.13.4
  Downloaded lexical-write-float v1.0.6
  Downloaded quinn v0.11.9
  Downloaded lance-core v4.0.1
  Downloaded snafu v0.9.0
  Downloaded geohash v0.13.1
  Downloaded geoarrow-array v0.7.0
  Downloaded lance-file v4.0.1
  Downloaded lance-table v4.0.1
  Downloaded hashbrown v0.14.5
  Downloaded itertools v0.13.0
  Downloaded http v0.2.12
  Downloaded datafusion-physical-optimizer v52.5.0
  Downloaded lexical-parse-float v1.0.6
  Downloaded itertools v0.11.0
  Downloaded der v0.7.10
  Downloaded prost v0.14.3
  Downloaded pkcs1 v0.7.5
  Downloaded object_store_opendal v0.55.0
  Downloaded i_overlay v4.0.7
  Downloaded num-integer v0.1.46
  Downloaded fast-float2 v0.2.3
  Downloaded wkb v0.9.2
  Downloaded datafusion-sql v52.5.0
  Downloaded syn v1.0.109
  Downloaded geoarrow-expr-geo v0.7.0
  Downloaded geo-types v0.7.19
  Downloaded tantivy v0.24.2
  Downloaded datafusion-physical-expr v52.5.0
  Downloaded lance-namespace v4.0.1
  Downloaded ndarray v0.16.1
  Downloaded lance-datagen v4.0.1
  Downloaded geo v0.31.0
  Downloaded hybrid-array v0.4.11
  Downloaded lance-encoding v4.0.1
  Downloaded datafusion-common v52.5.0
  Downloaded rustix v0.38.44
  Downloaded sketches-ddsketch v0.3.1
  Downloaded lance-index v4.0.1
  Downloaded scrypt v0.11.0
  Downloaded quick-xml v0.38.4
  Downloaded moka v0.12.15
  Downloaded datafusion v52.5.0
  Downloaded tantivy-columnar v0.5.0
  Downloaded datafusion-physical-plan v52.5.0
  Downloaded salsa20 v0.10.2
  Downloaded bitvec v1.0.1
  Downloaded vsimd v0.8.0
  Downloaded earcutr v0.4.3
  Downloaded unicase v2.9.0
  Downloaded tantivy-stacker v0.5.0
  Downloaded quick-xml v0.37.5
  Downloaded datafusion-expr v52.5.0
  Downloaded blake3 v1.8.5
  Downloaded tokio-stream v0.1.18
  Downloaded petgraph v0.8.3
  Downloaded protobuf v2.28.0
  Downloaded aws-sdk-sts v1.103.0
  Downloaded aws-lc-rs v1.16.3
  Downloaded jsonb v0.5.6
  Downloaded tinyvec_macros v0.1.1
  Downloaded thread-tree v0.3.3
  Downloaded tantivy-sstable v0.5.0
  Downloaded roaring v0.11.4
  Downloaded brotli-decompressor v5.0.0
  Downloaded stfu8 v0.2.7
  Downloaded chrono v0.4.44
  Downloaded tantivy-tokenizer-api v0.5.0
  Downloaded spin v0.9.8
  Downloaded rust-stemmers v1.2.0
  Downloaded snafu-derive v0.9.0
  Downloaded lance v4.0.1
  Downloaded rsa v0.9.10
  Downloaded geographiclib-rs v0.2.7
  Downloaded geoarrow-schema v0.7.0
  Downloaded dlv-list v0.5.2
  Downloaded tap v1.0.1
  Downloaded strum_macros v0.26.4
  Downloaded std_prelude v0.2.12
  Downloaded sha2 v0.11.0
  Downloaded reqsign v0.16.5
  Downloaded num-bigint-dig v0.8.6
  Downloaded lance-geo v4.0.1
  Downloaded digest v0.11.3
  Downloaded aws-config v1.8.16
  Downloaded lexical-core v1.0.6
  Downloaded flatbuffers v25.12.19
  Downloaded bigdecimal v0.4.10
  Downloaded simple_asn1 v0.6.4
  Downloaded regex-lite v0.1.9
  Downloaded rand_distr v0.4.3
  Downloaded nom v8.0.0
  Downloaded datafusion-session v52.5.0
  Downloaded strum v0.26.3
  Downloaded rangemap v1.7.1
  Downloaded i_tree v0.16.0
  Downloaded tantivy-fst v0.5.0
  Downloaded fst v0.4.7
  Downloaded hash32 v0.3.1
  Downloaded digest v0.10.7
  Downloaded datafusion-datasource v52.5.0
  Downloaded arrow-ipc v57.3.0
  Downloaded sha2 v0.10.9
  Downloaded serde_repr v0.1.20
  Downloaded fs_extra v1.3.0
  Downloaded aws-smithy-runtime v1.11.1
  Downloaded aws-sdk-ssooidc v1.100.0
  Downloaded async-compression v0.4.42
  Downloaded arrow-select v57.3.0
  Downloaded sha1 v0.10.6
  Downloaded rustls-pemfile v2.2.0
  Downloaded prost-types v0.14.3
  Downloaded humantime v2.3.0
  Downloaded glob v0.3.3
  Downloaded deranged v0.5.8
  Downloaded datafusion-optimizer v52.5.0
  Downloaded datafusion-expr-common v52.5.0
  Downloaded aws-sigv4 v1.4.3
  Downloaded rustls-native-certs v0.8.3
  Downloaded pin-project v1.1.12
  Downloaded num-bigint v0.4.6
  Downloaded fs4 v0.8.4
  Downloaded aws-smithy-runtime-api v1.12.0
  Downloaded arrow-schema v57.3.0
  Downloaded rand_xoshiro v0.7.0
  Downloaded proc-macro-crate v3.5.0
  Downloaded powerfmt v0.2.0
  Downloaded aws-sdk-sso v1.98.0
  Downloaded arrow-json v57.3.0
  Downloaded outref v0.5.2
  Downloaded aws-smithy-http-client v1.1.12
  Downloaded linux-raw-sys v0.4.15
  Downloaded arrow-row v57.3.0
  Downloaded pem-rfc7468 v0.7.0
  Downloaded datafusion-execution v52.5.0
  Downloaded phf v0.12.1
  Downloaded lexical-parse-integer v1.0.6
  Downloaded arrow-data v57.3.0
  Downloaded matrixmultiply v0.3.10
  Downloaded permutation v0.4.1
  Downloaded i_key_sort v0.6.0
  Downloaded comfy-table v7.2.2
  Downloaded async-lock v3.4.2
  Downloaded num_enum v0.7.6
  Downloaded multimap v0.10.1
  Downloaded lz4_flex v0.12.1
  Downloaded fastdivide v0.4.2
  Downloaded datafusion-catalog-listing v52.5.0
  Downloaded ordered-float v5.3.0
  Downloaded bon v3.9.1
  Downloaded aws-types v1.3.15
  Downloaded dunce v1.0.5
  Downloaded datafusion-catalog v52.5.0
  Downloaded cbc v0.1.2
  Downloaded blake2 v0.10.6
  Downloaded arrow-string v57.3.0
  Downloaded arrow-csv v57.3.0
  Downloaded num_enum_derive v0.7.6
  Downloaded csv-core v0.1.13
  Downloaded const-oid v0.9.6
  Downloaded num-conv v0.2.1
  Downloaded mime_guess v2.0.5
  Downloaded hex v0.4.3
  Downloaded compression-codecs v0.4.38
  Downloaded arrow-ord v57.3.0
  Downloaded deepsize v0.2.0
  Downloaded dashmap v6.1.0
  Downloaded aws-smithy-types v1.4.7
  Downloaded datafusion-datasource-arrow v52.5.0
  Downloaded ctutils v0.4.2
  Downloaded concurrent-queue v2.5.0
  Downloaded atoi v2.0.0
  Downloaded async_cell v0.2.3
  Downloaded mock_instant v0.6.0
  Downloaded i_float v1.15.0
  Downloaded funty v2.0.0
  Downloaded ownedbytes v0.9.0
  Downloaded murmurhash32 v0.3.1
  Downloaded geo-traits v0.3.0
  Downloaded const-random v0.1.18
  Downloaded measure_time v0.9.0
  Downloaded lru-slab v0.1.2
  Downloaded async-channel v2.5.0
  Downloaded crypto-common v0.2.1
  Downloaded const-random-macro v0.1.16
  Downloaded compression-core v0.4.32
  Downloaded aws-smithy-runtime-api-macros v1.0.0
  Downloaded aws-smithy-observability v0.2.6
  Downloaded home v0.5.12
  Downloaded crc32c v0.6.8
  Downloaded cmov v0.5.3
  Downloaded block-buffer v0.10.4
  Downloaded base64-simd v0.8.0
  Downloaded async-trait v0.1.89
  Downloaded event-listener-strategy v0.5.4
  Downloaded deepsize_derive v0.1.2
  Downloaded bytes-utils v0.1.4
  Downloaded datafusion-common-runtime v52.5.0
  Downloaded const-oid v0.10.2
  Downloaded aws-smithy-json v0.62.5
  Downloaded bon-macros v3.9.1
  Downloaded aws-smithy-http v0.63.6
  Downloaded base64ct v1.8.3
  Downloaded aws-smithy-xml v0.60.15
  Downloaded aws-credential-types v1.2.14
  Downloaded aws-smithy-query v0.60.15
  Downloaded arrow-buffer v57.3.0
  Downloaded async-recursion v1.1.1
  Downloaded cmake v0.1.58
  Downloaded block-padding v0.3.3
  Downloaded backon v1.6.0
  Downloaded arrow-array v57.3.0
  Downloaded arrayvec v0.7.6
  Downloaded arrayref v0.3.9
  Downloaded alloc-no-stdlib v2.0.4
  Downloaded arrow v57.3.0
  Downloaded random_word v0.5.2
  Downloaded aws-lc-sys v0.40.0
   Compiling libc v0.2.186
   Compiling proc-macro2 v1.0.106
   Compiling quote v1.0.45
   Compiling unicode-ident v1.0.24
   Compiling cfg-if v1.0.4
   Compiling shlex v1.3.0
   Compiling find-msvc-tools v0.1.9
   Compiling memchr v2.8.0
   Compiling version_check v0.9.5
   Compiling smallvec v1.15.1
   Compiling once_cell v1.21.4
   Compiling zerocopy v0.8.48
   Compiling bitflags v2.11.1
   Compiling pkg-config v0.3.33
   Compiling serde_core v1.0.228
   Compiling itoa v1.0.18
   Compiling getrandom v0.3.4
   Compiling crossbeam-utils v0.8.21
   Compiling serde v1.0.228
   Compiling pin-project-lite v0.2.17
   Compiling stable_deref_trait v1.2.1
   Compiling parking_lot_core v0.9.12
   Compiling scopeguard v1.2.0
   Compiling libm v0.2.16
   Compiling autocfg v1.5.0
   Compiling bytes v1.11.1
   Compiling lock_api v0.4.14
   Compiling zmij v1.0.21
   Compiling serde_json v1.0.149
   Compiling rayon-core v1.13.0
   Compiling num-traits v0.2.19
   Compiling paste v1.0.15
   Compiling futures-core v0.3.32
   Compiling either v1.15.0
   Compiling generic-array v0.14.7
   Compiling equivalent v1.0.2
   Compiling log v0.4.29
   Compiling futures-sink v0.3.32
   Compiling crc32fast v1.5.0
   Compiling typenum v1.20.0
   Compiling fs_extra v1.3.0
   Compiling dunce v1.0.5
   Compiling pulp v0.22.2
   Compiling slab v0.4.12
   Compiling subtle v2.6.1
   Compiling vcpkg v0.2.15
   Compiling hashbrown v0.17.0
   Compiling zeroize v1.8.2
   Compiling futures-channel v0.3.32
   Compiling raw-cpuid v11.6.0
   Compiling tracing-core v0.1.36
   Compiling litemap v0.8.2
   Compiling strsim v0.11.1
   Compiling fnv v1.0.7
   Compiling crossbeam-epoch v0.9.18
   Compiling writeable v0.6.3
   Compiling ident_case v1.0.1
   Compiling pulp-wasm-simd-flag v0.1.0
   Compiling dyn-stack-macros v0.1.3
   Compiling reborrow v0.5.5
   Compiling rustls-pki-types v1.14.1
   Compiling http v1.4.0
   Compiling seq-macro v0.3.6
   Compiling syn v2.0.117
   Compiling crossbeam-deque v0.8.6
   Compiling icu_properties_data v2.2.0
   Compiling icu_normalizer_data v2.2.0
   Compiling utf8_iter v1.0.4
   Compiling futures-task v0.3.32
   Compiling futures-io v0.3.32
   Compiling jobserver v0.1.34
   Compiling indexmap v2.14.0
   Compiling getrandom v0.2.17
   Compiling errno v0.3.14
   Compiling socket2 v0.6.3
   Compiling mio v1.2.0
   Compiling rand_core v0.9.5
   Compiling cc v1.2.61
   Compiling parking_lot v0.12.5
   Compiling signal-hook-registry v1.4.8
   Compiling rand_core v0.6.4
   Compiling aws-lc-rs v1.16.3
   Compiling rayon v1.12.0
   Compiling percent-encoding v2.3.2
   Compiling rustversion v1.0.22
   Compiling crypto-common v0.1.7
   Compiling adler2 v2.0.1
   Compiling ryu v1.0.23
   Compiling thiserror v1.0.69
   Compiling simd-adler32 v0.3.9
   Compiling http-body v1.0.1
   Compiling miniz_oxide v0.8.9
   Compiling aho-corasick v1.1.4
   Compiling foreign-types-shared v0.1.1
   Compiling untrusted v0.9.0
   Compiling thiserror v2.0.18
   Compiling openssl v0.10.79
   Compiling httparse v1.10.1
   Compiling openssl-probe v0.2.1
   Compiling minimal-lexical v0.2.1
   Compiling regex-syntax v0.8.10
   Compiling foreign-types v0.3.2
   Compiling ahash v0.8.12
   Compiling cmake v0.1.58
   Compiling byteorder v1.5.0
   Compiling tower-service v0.3.3
   Compiling try-lock v0.2.5
   Compiling rustls v0.23.40
   Compiling atomic-waker v1.1.2
   Compiling native-tls v0.2.18
   Compiling nom v7.1.3
   Compiling want v0.3.1
   Compiling form_urlencoded v1.2.2
   Compiling flate2 v1.1.9
   Compiling block-padding v0.3.3
   Compiling itertools v0.14.0
   Compiling unicode-segmentation v1.13.2
   Compiling base64 v0.22.1
   Compiling castaway v0.2.4
   Compiling macro_rules_attribute-proc_macro v0.2.2
   Compiling base64 v0.13.1
   Compiling static_assertions v1.1.0
   Compiling inout v0.1.4
   Compiling webpki-roots v1.0.7
   Compiling unicode-normalization-alignments v0.1.12
   Compiling macro_rules_attribute v0.2.2
   Compiling compression-core v0.4.32
   Compiling foldhash v0.2.0
   Compiling portable-atomic v1.13.1
   Compiling cpufeatures v0.2.17
   Compiling unicase v2.9.0
   Compiling allocator-api2 v0.2.21
   Compiling unicode_categories v0.1.1
   Compiling aws-lc-sys v0.40.0
   Compiling openssl-sys v0.9.115
   Compiling ring v0.17.14
   Compiling onig_sys v69.9.3
   Compiling esaxx-rs v0.1.10
   Compiling zstd-sys v2.0.16+zstd.1.5.7
   Compiling ipnet v2.12.0
   Compiling hashbrown v0.16.1
   Compiling mime_guess v2.0.5
   Compiling compression-codecs v0.4.38
   Compiling cipher v0.4.4
   Compiling http-body-util v0.1.3
   Compiling universal-hash v0.5.1
   Compiling regex-automata v0.4.14
   Compiling memmap2 v0.9.10
   Compiling rayon-cond v0.4.0
   Compiling num_cpus v1.17.0
   Compiling sync_wrapper v1.0.2
   Compiling typed-path v0.12.3
   Compiling tower-layer v0.3.3
   Compiling protobuf v2.28.0
   Compiling opaque-debug v0.3.1
   Compiling unicode-width v0.2.2
   Compiling polyval v0.6.2
   Compiling aegis v0.9.8
   Compiling synstructure v0.13.2
   Compiling darling_core v0.20.11
   Compiling console v0.15.11
   Compiling rustls-native-certs v0.8.3
   Compiling bit-vec v0.8.0
   Compiling io-uring v0.7.12
   Compiling spin v0.9.8
   Compiling utf8parse v0.2.2
   Compiling prometheus v0.13.4
   Compiling zstd-safe v7.2.4
   Compiling option-ext v0.2.0
   Compiling mime v0.3.17
   Compiling number_prefix v0.4.0
   Compiling dirs-sys v0.5.0
   Compiling bit-set v0.8.0
   Compiling anstyle-parse v1.0.0
   Compiling indicatif v0.17.11
   Compiling lazy_static v1.5.0
   Compiling ghash v0.5.1
   Compiling ctr v0.9.2
   Compiling aes v0.8.4
   Compiling zip v7.2.0
   Compiling webpki-roots v0.26.11
   Compiling socks v0.3.4
   Compiling aead v0.5.2
   Compiling encoding_rs v0.8.35
   Compiling colorchoice v1.0.5
   Compiling getrandom v0.4.2
   Compiling anstyle v1.0.14
   Compiling is_terminal_polyfill v1.70.2
   Compiling anstyle-query v1.1.5
   Compiling rustix v1.1.4
   Compiling zerocopy-derive v0.8.48
   Compiling serde_derive v1.0.228
   Compiling zerofrom-derive v0.1.7
   Compiling yoke-derive v0.8.2
   Compiling bytemuck_derive v1.10.2
   Compiling tokio-macros v2.7.0
   Compiling zerovec-derive v0.11.3
   Compiling displaydoc v0.2.5
   Compiling tracing-attributes v0.1.31
   Compiling tokio v1.52.1
   Compiling zerofrom v0.1.7
   Compiling yoke v0.8.2
   Compiling futures-macro v0.3.32
   Compiling zerotrie v0.2.4
   Compiling bytemuck v1.25.0
   Compiling zerovec v0.11.6
   Compiling num-complex v0.4.6
   Compiling dyn-stack v0.13.2
   Compiling futures-util v0.3.32
   Compiling darling_macro v0.20.11
   Compiling tracing v0.1.44
   Compiling darling v0.20.11
   Compiling thiserror-impl v1.0.69
   Compiling tinystr v0.8.3
   Compiling potential_utf v0.1.5
   Compiling icu_collections v2.2.0
   Compiling icu_locale_core v2.2.0
   Compiling derive_builder_core v0.20.2
   Compiling openssl-macros v0.1.1
   Compiling thiserror-impl v2.0.18
   Compiling monostate-impl v0.1.18
   Compiling icu_provider v2.2.0
   Compiling derive_builder_macro v0.20.2
   Compiling icu_properties v2.2.0
   Compiling icu_normalizer v2.2.0
   Compiling derive_builder v0.20.2
   Compiling monostate v0.1.18
   Compiling galaxdb-common v0.1.0 (/mnt/nvme/galaxdb/crates/galaxdb-common)
   Compiling compact_str v0.9.0
   Compiling dary_heap v0.3.9
   Compiling spm_precompiled v0.1.4
   Compiling regex v1.12.3
   Compiling safetensors v0.7.0
   Compiling idna_adapter v1.2.2
   Compiling idna v1.1.0
   Compiling futures-executor v0.3.32
   Compiling serde_urlencoded v0.7.1
   Compiling ppv-lite86 v0.2.21
   Compiling url v2.5.8
   Compiling futures v0.3.32
   Compiling serde_plain v1.0.2
   Compiling rand_chacha v0.9.0
   Compiling rand_chacha v0.3.1
   Compiling rand v0.9.4
   Compiling rand v0.8.6
   Compiling tokio-util v0.7.18
   Compiling tower v0.5.3
   Compiling async-compression v0.4.42
   Compiling rand_distr v0.5.1
   Compiling h2 v0.4.14
   Compiling tokio-native-tls v0.3.1
   Compiling tower-http v0.6.10
   Compiling twox-hash v2.1.2
   Compiling fancy-regex v0.17.0
   Compiling half v2.7.1
   Compiling anstream v1.0.0
   Compiling aes-gcm v0.10.3
   Compiling gemm-common v0.19.0
   Compiling float8 v0.7.0
   Compiling dirs v6.0.0
   Compiling linux-raw-sys v0.12.1
   Compiling clap_lex v1.1.0
   Compiling gemm-f32 v0.19.0
   Compiling gemm-c32 v0.19.0
   Compiling gemm-f64 v0.19.0
   Compiling gemm-c64 v0.19.0
   Compiling heck v0.5.0
   Compiling clap_derive v4.6.1
   Compiling gemm-f16 v0.19.0
   Compiling gemm v0.19.0
   Compiling clap_builder v4.6.0
   Compiling galaxdb-io v0.1.0 (/mnt/nvme/galaxdb/crates/galaxdb-io)
   Compiling lz4_flex v0.11.6
   Compiling galaxdb-observe v0.1.0 (/mnt/nvme/galaxdb/crates/galaxdb-observe)
   Compiling crossbeam-skiplist v0.1.3
   Compiling hyper v1.9.0
   Compiling crossbeam-channel v0.5.15
   Compiling fastrand v2.4.1
   Compiling base64 v0.21.7
   Compiling xxhash-rust v0.8.15
   Compiling galaxdb-vector v0.1.0 (/mnt/nvme/galaxdb/crates/galaxdb-vector)
   Compiling hdrhistogram v7.5.4
   Compiling onig v6.5.3
   Compiling tempfile v3.27.0
   Compiling hyper-util v0.1.20
   Compiling tokenizers v0.22.2
   Compiling tokenizers v0.21.4
   Compiling clap v4.6.1
   Compiling hyper-tls v0.6.0
   Compiling candle-core v0.10.2
   Compiling galaxdb-crypto v0.1.0 (/mnt/nvme/galaxdb/crates/galaxdb-crypto)
   Compiling candle-nn v0.10.2
   Compiling zstd v0.13.3
   Compiling galaxdb-storage v0.1.0 (/mnt/nvme/galaxdb/crates/galaxdb-storage)
   Compiling candle-transformers v0.10.2
warning: field `sync_file` is never read
  --> crates/galaxdb-storage/src/wal/writer.rs:89:5
   |
79 | pub struct WalWriter {
   |            --------- field in this struct
...
89 |     sync_file: std::sync::Mutex<BufWriter<File>>,
   |     ^^^^^^^^^
   |
   = note: `#[warn(dead_code)]` (part of `#[warn(unused)]`) on by default

warning: `galaxdb-storage` (lib) generated 1 warning
   Compiling rustls-webpki v0.103.13
   Compiling tokio-rustls v0.26.4
   Compiling ureq v2.12.1
   Compiling hyper-rustls v0.27.9
   Compiling reqwest v0.12.28
   Compiling hf-hub v0.4.3
   Compiling galaxdb-sidecar v0.1.0 (/mnt/nvme/galaxdb/crates/galaxdb-sidecar)
   Compiling galaxdb-benchmarks v0.1.0 (/mnt/nvme/galaxdb/benchmarks)
    Finished `release` profile [optimized] target(s) in 1m 28s
   Compiling cfg-if v1.0.4
   Compiling memchr v2.8.0
   Compiling itoa v1.0.18
   Compiling once_cell v1.21.4
   Compiling smallvec v1.15.1
   Compiling bytes v1.11.1
   Compiling bitflags v2.11.1
   Compiling libc v0.2.186
   Compiling serde_core v1.0.228
   Compiling libm v0.2.16
   Compiling pin-project-lite v0.2.17
   Compiling either v1.15.0
   Compiling zerocopy v0.8.48
   Compiling zmij v1.0.21
   Compiling equivalent v1.0.2
   Compiling scopeguard v1.2.0
   Compiling futures-core v0.3.32
   Compiling stable_deref_trait v1.2.1
   Compiling lock_api v0.4.14
   Compiling typenum v1.20.0
   Compiling bytemuck v1.25.0
   Compiling futures-sink v0.3.32
   Compiling subtle v2.6.1
   Compiling slab v0.4.12
   Compiling zeroize v1.8.2
   Compiling futures-channel v0.3.32
   Compiling crossbeam-utils v0.8.21
   Compiling ryu v1.0.23
   Compiling fnv v1.0.7
   Compiling futures-io v0.3.32
   Compiling futures-task v0.3.32
   Compiling log v0.4.29
   Compiling tracing-core v0.1.36
   Compiling hashbrown v0.17.0
   Compiling allocator-api2 v0.2.21
   Compiling base64 v0.22.1
   Compiling zerofrom v0.1.7
   Compiling percent-encoding v2.3.2
   Compiling futures-util v0.3.32
   Compiling rustls-pki-types v1.14.1
   Compiling yoke v0.8.2
   Compiling http v1.4.0
   Compiling tracing v0.1.44
   Compiling foldhash v0.2.0
   Compiling untrusted v0.9.0
   Compiling zerovec v0.11.6
   Compiling aws-lc-sys v0.40.0
   Compiling getrandom v0.2.17
   Compiling getrandom v0.3.4
   Compiling parking_lot_core v0.9.12
   Compiling errno v0.3.14
   Compiling num-traits v0.2.19
   Compiling mio v1.2.0
   Compiling rand_core v0.9.5
   Compiling signal-hook-registry v1.4.8
   Compiling rand_core v0.6.4
   Compiling socket2 v0.6.3
   Compiling parking_lot v0.12.5
   Compiling generic-array v0.14.7
   Compiling indexmap v2.14.0
   Compiling ring v0.17.14
   Compiling openssl-probe v0.2.1
   Compiling iana-time-zone v0.1.65
   Compiling aws-lc-rs v1.16.3
   Compiling tokio v1.52.1
   Compiling http-body v1.0.1
   Compiling atomic-waker v1.1.2
   Compiling http-body-util v0.1.3
   Compiling regex-syntax v0.8.10
   Compiling num-integer v0.1.46
   Compiling crypto-common v0.1.7
   Compiling num-complex v0.4.6
   Compiling try-lock v0.2.5
   Compiling tower-service v0.3.3
   Compiling want v0.3.1
   Compiling httparse v1.10.1
   Compiling semver v1.0.28
   Compiling const-oid v0.9.6
   Compiling crc32fast v1.5.0
   Compiling tinystr v0.8.3
   Compiling num-bigint v0.4.6
   Compiling webpki-roots v1.0.7
   Compiling rustc_version v0.4.1
   Compiling form_urlencoded v1.2.2
   Compiling writeable v0.6.3
   Compiling litemap v0.8.2
   Compiling siphasher v1.0.3
   Compiling ipnet v2.12.0
   Compiling block-buffer v0.10.4
   Compiling icu_locale_core v2.2.0
   Compiling potential_utf v0.1.5
   Compiling zerotrie v0.2.4
   Compiling phf_shared v0.12.1
   Compiling aho-corasick v1.1.4
   Compiling sync_wrapper v1.0.2
   Compiling chrono-tz v0.10.4
   Compiling utf8_iter v1.0.4
   Compiling serde v1.0.228
   Compiling serde_json v1.0.149
   Compiling hashbrown v0.16.1
   Compiling tower-layer v0.3.3
   Compiling icu_collections v2.2.0
   Compiling phf v0.12.1
   Compiling digest v0.10.7
   Compiling rustls-webpki v0.103.13
   Compiling rustls-native-certs v0.8.3
   Compiling icu_properties_data v2.2.0
   Compiling chrono v0.4.44
   Compiling icu_normalizer_data v2.2.0
   Compiling thiserror v2.0.18
   Compiling unicode-segmentation v1.13.2
   Compiling simd-adler32 v0.3.9
   Compiling icu_provider v2.2.0
   Compiling adler2 v2.0.1
   Compiling foreign-types-shared v0.1.1
   Compiling rustls v0.23.40
   Compiling foreign-types v0.3.2
   Compiling arrow-schema v57.3.0
   Compiling icu_normalizer v2.2.0
   Compiling regex-automata v0.4.14
   Compiling icu_properties v2.2.0
   Compiling miniz_oxide v0.8.9
   Compiling ppv-lite86 v0.2.21
   Compiling ahash v0.8.12
   Compiling openssl-sys v0.9.115
   Compiling flate2 v1.1.9
   Compiling rand_chacha v0.9.0
   Compiling itertools v0.14.0
   Compiling rand v0.9.4
   Compiling idna_adapter v1.2.2
   Compiling openssl v0.10.79
   Compiling unicode-width v0.2.2
   Compiling compression-core v0.4.32
   Compiling idna v1.1.0
   Compiling compression-codecs v0.4.38
   Compiling lexical-util v1.0.7
   Compiling zstd-sys v2.0.16+zstd.1.5.7
   Compiling futures-executor v0.3.32
   Compiling crossbeam-epoch v0.9.18
   Compiling rand_distr v0.5.1
   Compiling url v2.5.8
   Compiling unicase v2.9.0
   Compiling mime v0.3.17
   Compiling futures v0.3.32
   Compiling zstd-safe v7.2.4
   Compiling serde_urlencoded v0.7.1
   Compiling mime_guess v2.0.5
   Compiling async-trait v0.1.89
   Compiling encoding_rs v0.8.35
   Compiling zstd v0.13.3
   Compiling half v2.7.1
   Compiling lexical-parse-integer v1.0.6
   Compiling lexical-write-integer v1.0.6
   Compiling twox-hash v2.1.2
   Compiling lexical-parse-float v1.0.6
   Compiling getrandom v0.4.2
   Compiling tokio-util v0.7.18
   Compiling tower v0.5.3
   Compiling arrow-buffer v57.3.0
   Compiling async-compression v0.4.42
   Compiling lexical-write-float v1.0.6
   Compiling comfy-table v7.2.2
   Compiling atoi v2.0.0
   Compiling same-file v1.0.6
   Compiling fastrand v2.4.1
   Compiling walkdir v2.5.0
   Compiling regex v1.12.3
   Compiling h2 v0.4.14
   Compiling tower-http v0.6.10
   Compiling lexical-core v1.0.6
   Compiling flatbuffers v25.12.19
   Compiling csv-core v0.1.13
   Compiling arrow-data v57.3.0
   Compiling csv v1.4.0
   Compiling lz4_flex v0.12.1
   Compiling quick-xml v0.38.4
   Compiling md-5 v0.10.6
   Compiling simdutf8 v0.1.5
   Compiling tokio-rustls v0.26.4
   Compiling cpufeatures v0.2.17
   Compiling rustls-pemfile v2.2.0
   Compiling humantime v2.3.0
   Compiling native-tls v0.2.18
   Compiling byteorder v1.5.0
   Compiling sqlparser_derive v0.3.0
   Compiling tokio-native-tls v0.3.1
   Compiling crossbeam-deque v0.8.6
   Compiling linux-raw-sys v0.12.1
   Compiling sqlparser v0.59.0
   Compiling uuid v1.23.1
   Compiling datafusion-doc v52.5.0
   Compiling rayon-core v1.13.0
   Compiling rustix v1.1.4
   Compiling anyhow v1.0.102
   Compiling hex v0.4.3
   Compiling rayon v1.12.0
   Compiling time-core v0.1.8
   Compiling powerfmt v0.2.0
   Compiling num-conv v0.2.1
   Compiling arrow-array v57.3.0
   Compiling time-macros v0.2.27
   Compiling deranged v0.5.8
   Compiling sha2 v0.10.9
   Compiling cpufeatures v0.3.0
   Compiling hashbrown v0.14.5
   Compiling foldhash v0.1.5
   Compiling hyper v1.9.0
   Compiling hashbrown v0.15.5
   Compiling thiserror v1.0.69
   Compiling tempfile v3.27.0
   Compiling arrayref v0.3.9
   Compiling time v0.3.47
   Compiling block-padding v0.3.3
   Compiling fixedbitset v0.5.7
   Compiling inout v0.1.4
   Compiling crunchy v0.2.4
   Compiling cipher v0.4.4
   Compiling petgraph v0.8.3
   Compiling dashmap v6.1.0
   Compiling http v0.2.12
   Compiling blake3 v1.8.5
   Compiling datafusion-macros v52.5.0
   Compiling prettyplease v0.2.37
   Compiling hyper-util v0.1.20
   Compiling prost-derive v0.14.3
   Compiling outref v0.5.2
   Compiling vsimd v0.8.0
   Compiling rand_chacha v0.3.1
   Compiling bytes-utils v0.1.4
   Compiling base64-simd v0.8.0
   Compiling arrayvec v0.7.6
   Compiling constant_time_eq v0.4.2
   Compiling http-body v0.4.6
   Compiling pin-utils v0.1.0
   Compiling rand v0.8.6
   Compiling blake2 v0.10.6
   Compiling arrow-select v57.3.0
   Compiling arrow-arith v57.3.0
   Compiling arrow-row v57.3.0
   Compiling num_cpus v1.17.0
   Compiling hyper-rustls v0.27.9
   Compiling hyper-tls v0.6.0
   Compiling aws-smithy-types v1.4.7
   Compiling reqwest v0.12.28
   Compiling prost v0.14.3
   Compiling aws-smithy-async v1.2.14
   Compiling aws-smithy-runtime-api-macros v1.0.0
   Compiling prost-types v0.14.3
   Compiling portable-atomic v1.13.1
   Compiling aws-smithy-runtime-api v1.12.0
   Compiling aes v0.8.4
   Compiling datafusion-common-runtime v52.5.0
   Compiling heapless v0.8.0
   Compiling multimap v0.10.1
   Compiling hash32 v0.3.1
   Compiling hybrid-array v0.4.11
   Compiling arrow-ord v57.3.0
   Compiling arrow-string v57.3.0
   Compiling arrow-ipc v57.3.0
   Compiling object_store v0.12.5
   Compiling crossbeam-channel v0.5.15
   Compiling concurrent-queue v2.5.0
   Compiling bigdecimal v0.4.10
   Compiling spin v0.9.8
   Compiling parking v2.2.1
   Compiling event-listener v5.4.1
   Compiling lazy_static v1.5.0
   Compiling prost-build v0.14.3
   Compiling jiff v0.2.24
   Compiling arrow-cast v57.3.0
   Compiling glob v0.3.3
   Compiling base64ct v1.8.3
   Compiling cmov v0.5.3
   Compiling syn v1.0.109
   Compiling tiny-keccak v2.0.2
   Compiling ctutils v0.4.2
   Compiling pem-rfc7468 v0.7.0
   Compiling rstar v0.12.2
   Compiling event-listener-strategy v0.5.4
   Compiling crypto-common v0.2.1
   Compiling block-buffer v0.12.0
   Compiling hmac v0.12.1
   Compiling approx v0.5.1
   Compiling const-oid v0.10.2
   Compiling geo-types v0.7.19
   Compiling pbkdf2 v0.12.2
   Compiling digest v0.11.3
   Compiling der v0.7.10
   Compiling salsa20 v0.10.2
   Compiling ordered-float v5.3.0
   Compiling nom v8.0.0
   Compiling arrow-csv v57.3.0
   Compiling arrow-json v57.3.0
   Compiling pin-project-internal v1.1.12
   Compiling fast-float2 v0.2.3
   Compiling winnow v1.0.2
   Compiling minimal-lexical v0.2.1
   Compiling ethnum v1.5.3
   Compiling arrow v57.3.0
   Compiling pin-project v1.1.12
   Compiling nom v7.1.3
   Compiling toml_parser v1.1.2+spec-1.1.0
   Compiling deepsize_derive v0.1.2
   Compiling spki v0.7.3
   Compiling jsonb v0.5.6
   Compiling const-random-macro v0.1.16
   Compiling scrypt v0.11.0
   Compiling async-lock v3.4.2
   Compiling datafusion-common v52.5.0
   Compiling aws-smithy-http v0.63.6
   Compiling aws-credential-types v1.2.14
   Compiling cbc v0.1.2
   Compiling galaxdb-common v0.1.0 (/mnt/nvme/galaxdb/crates/galaxdb-common)
   Compiling snafu-derive v0.9.0
   Compiling aws-types v1.3.15
   Compiling toml_datetime v1.1.1+spec-1.1.0
   Compiling tagptr v0.2.0
   Compiling moka v0.12.15
   Compiling toml_edit v0.25.11+spec-1.1.0
   Compiling pkcs5 v0.7.1
   Compiling const-random v0.1.18
   Compiling deepsize v0.2.0
   Compiling sha2 v0.11.0
   Compiling hmac v0.13.0
   Compiling aws-smithy-http-client v1.1.12
   Compiling snafu v0.9.0
   Compiling aws-smithy-observability v0.2.6
   Compiling roaring v0.11.4
   Compiling tokio-stream v0.1.18
   Compiling itertools v0.13.0
   Compiling raw-cpuid v11.6.0
   Compiling pulp-wasm-simd-flag v0.1.0
   Compiling reborrow v0.5.5
   Compiling mock_instant v0.6.0
   Compiling num-bigint-dig v0.8.6
   Compiling dyn-stack v0.13.2
   Compiling aws-sigv4 v1.4.3
   Compiling dlv-list v0.5.2
   Compiling datafusion-expr-common v52.5.0
   Compiling aws-smithy-runtime v1.11.1
   Compiling pkcs8 v0.10.2
   Compiling datafusion-physical-expr-common v52.5.0
   Compiling pulp v0.22.2
   Compiling proc-macro-crate v3.5.0
   Compiling datafusion-functions-aggregate-common v52.5.0
   Compiling datafusion-functions-window-common v52.5.0
   Compiling datafusion-expr v52.5.0
   Compiling geo-traits v0.3.0
   Compiling num-iter v0.1.45
   Compiling memmap2 v0.9.10
   Compiling aws-runtime v1.7.3
   Compiling num_enum_derive v0.7.6
   Compiling pkcs1 v0.7.5
   Compiling gemm-common v0.19.0
   Compiling ordered-multimap v0.7.3
   Compiling aws-smithy-json v0.62.5
   Compiling simple_asn1 v0.6.4
   Compiling sha1 v0.10.6
   Compiling signature v2.2.0
   Compiling crc32c v0.6.8
   Compiling i_float v1.15.0
   Compiling pem v3.0.6
   Compiling regex-lite v0.1.9
   Compiling i_shape v1.14.0
   Compiling jsonwebtoken v9.3.1
   Compiling rsa v0.9.10
   Compiling rust-ini v0.21.3
   Compiling num_enum v0.7.6
   Compiling quick-xml v0.37.5
   Compiling itertools v0.11.0
   Compiling lz4-sys v1.11.1+lz4-1.10.0
   Compiling xmlparser v0.13.6
   Compiling i_key_sort v0.6.0
   Compiling home v0.5.12
   Compiling alloc-no-stdlib v2.0.4
   Compiling robust v1.2.0
   Compiling i_tree v0.16.0
   Compiling urlencoding v2.1.3
   Compiling spade v2.15.1
   Compiling i_overlay v4.0.7
   Compiling aws-smithy-query v0.60.15
   Compiling earcutr v0.4.3
   Compiling reqsign v0.16.5
   Compiling alloc-stdlib v0.2.2
   Compiling aws-smithy-xml v0.60.15
   Compiling datafusion-physical-expr v52.5.0
   Compiling datafusion-execution v52.5.0
   Compiling datafusion-sql v52.5.0
   Compiling wkb v0.9.2
   Compiling datafusion-functions v52.5.0
   Compiling wkt v0.14.0
   Compiling geoarrow-schema v0.7.0
   Compiling backon v1.6.0
   Compiling geographiclib-rs v0.2.7
   Compiling ownedbytes v0.9.0
   Compiling serde_repr v0.1.20
   Compiling option-ext v0.2.0
   Compiling xxhash-rust v0.8.15
   Compiling float_next_after v1.0.0
   Compiling utf8-ranges v1.0.5
   Compiling geo v0.31.0
   Compiling dirs-sys v0.5.0
   Compiling lance-namespace-reqwest-client v0.6.1
   Compiling datafusion-functions-aggregate v52.5.0
   Compiling datafusion-physical-plan v52.5.0
   Compiling datafusion-physical-expr-adapter v52.5.0
   Compiling datafusion-functions-window v52.5.0
   Compiling datafusion-functions-nested v52.5.0
   Compiling datafusion-optimizer v52.5.0
   Compiling tantivy-common v0.9.0
   Compiling opendal v0.55.0
   Compiling geoarrow-array v0.7.0
   Compiling bitpacking v0.9.3
   Compiling onig_sys v69.9.3
   Compiling aws-sdk-sts v1.103.0
   Compiling brotli-decompressor v5.0.0
   Compiling datafusion-session v52.5.0
   Compiling datafusion-datasource v52.5.0
   Compiling aws-sdk-ssooidc v1.100.0
   Compiling datafusion-catalog v52.5.0
   Compiling datafusion-pruning v52.5.0
   Compiling datafusion-physical-optimizer v52.5.0
   Compiling datafusion-datasource-csv v52.5.0
   Compiling datafusion-datasource-arrow v52.5.0
   Compiling datafusion-datasource-json v52.5.0
   Compiling aws-sdk-sso v1.98.0
   Compiling lance-encoding v4.0.1
   Compiling castaway v0.2.4
   Compiling strum_macros v0.26.4
   Compiling hyperloglogplus v0.4.1
   Compiling std_prelude v0.2.12
   Compiling stfu8 v0.2.7
   Compiling static_assertions v1.1.0
   Compiling rustix v0.38.44
   Compiling base64 v0.13.1
   Compiling macro_rules_attribute v0.2.2
   Compiling spm_precompiled v0.1.4
   Compiling compact_str v0.9.0
   Compiling path_abs v0.5.1
   Compiling strum v0.26.3
   Compiling monostate v0.1.18
error: failed to run custom build command for `lance-encoding v4.0.1`

Caused by:
  process didn't exit successfully: `/mnt/nvme/galaxdb/target/release/build/lance-encoding-414e069132bc89ba/build-script-build` (exit status: 1)
  --- stdout
  cargo:rerun-if-changed=protos

  --- stderr
  Error: Custom { kind: NotFound, error: "Could not find `protoc`. If `protoc` is installed, try setting the `PROTOC` environment variable to the path of the `protoc` binary. To install it on Debian, run `apt-get install protobuf-compiler`. It is also available at https://github.com/protocolbuffers/protobuf/releases  For more information: https://docs.rs/prost-build/#sourcing-protoc" }
warning: build failed, waiting for other jobs to finish...

[teardown] stopping i-0b2dec9226f62db65 in us-east-1 (script exit=101)
[teardown] instance final state: stopped
