warning: `galaxdb-storage` (lib) generated 1 warning
   Compiling galaxdb-probe v0.1.0 (/mnt/nvme/galaxdb/probe)
    Finished `release` profile [optimized] target(s) in 1.12s

=== running probe ===
=== opened /mnt/nvme/galaxdb/probe_db ===
SQL> CREATE TABLE products (id INTEGER PRIMARY KEY, name TEXT, price FLOAT)
  OK: CREATE TABLE products
SQL> INSERT INTO products (id, name, price) VALUES (1, 'espresso', 3.50)
  rows affected: 1
SQL> INSERT INTO products (id, name, price) VALUES (2, 'latte', 4.25)
  rows affected: 1
SQL> INSERT INTO products (id, name, price) VALUES (3, 'mocha', 4.75)
  rows affected: 1
SQL> SELECT id, name, price FROM products
  3 row(s)
    id=1, name=espresso, price=3.5
    id=2, name=latte, price=4.25
    id=3, name=mocha, price=4.75
SQL> SELECT id, name FROM products WHERE price > 4.0
  3 row(s)
    id=1, name=espresso, price=3.5
    id=2, name=latte, price=4.25
    id=3, name=mocha, price=4.75
SQL> UPDATE products SET price = 5.00 WHERE id = 3
  rows affected: 3
SQL> SELECT id, name, price FROM products WHERE id = 3
  3 row(s)
    id=1, name=espresso, price=5
    id=2, name=latte, price=5
    id=3, name=mocha, price=5
SQL> DELETE FROM products WHERE id = 1
  rows affected: 3
SQL> SELECT id, name, price FROM products
  0 row(s)
SQL> DELETE FROM products WHERE id = 99
  rows affected: 0
=== done, table_count=1, total rows=6 ===
